Release 7.1i - xst H.38
Copyright (c) 1995-2005 Xilinx, Inc.  All rights reserved.
--> Parameter TMPDIR set to __projnav
CPU : 0.00 / 0.27 s | Elapsed : 0.00 / 0.00 s
 
--> Parameter xsthdpdir set to ./xst
CPU : 0.00 / 0.27 s | Elapsed : 0.00 / 0.00 s
 
--> Reading design: processor_4bit.prj

TABLE OF CONTENTS
  1) Synthesis Options Summary
  2) HDL Compilation
  3) HDL Analysis
  4) HDL Synthesis
  5) Advanced HDL Synthesis
     5.1) HDL Synthesis Report
  6) Low Level Synthesis
  7) Final Report

=========================================================================
*                      Synthesis Options Summary                        *
=========================================================================
---- Source Parameters
Input File Name                    : "processor_4bit.prj"
Input Format                       : mixed
Ignore Synthesis Constraint File   : NO

---- Target Parameters
Output File Name                   : "processor_4bit"
Output Format                      : NGC
Target Device                      : acr2

---- Source Options
Top Module Name                    : processor_4bit
Automatic FSM Extraction           : YES
FSM Encoding Algorithm             : Auto
Mux Extraction                     : YES
Resource Sharing                   : YES

---- Target Options
Add IO Buffers                     : YES
Equivalent register Removal        : YES
MACRO Preserve                     : YES
XOR Preserve                       : YES

---- General Options
Optimization Goal                  : Speed
Optimization Effort                : 1
Keep Hierarchy                     : YES
RTL Output                         : Yes
Hierarchy Separator                : /
Bus Delimiter                      : <>
Case Specifier                     : maintain

---- Other Options
lso                                : processor_4bit.lso
verilog2001                        : YES
safe_implementation                : No
Clock Enable                       : YES
wysiwyg                            : NO

=========================================================================


=========================================================================
*                          HDL Compilation                              *
=========================================================================
Compiling verilog file "instruction_decoder.v"
Module <instruction_decoder> compiled
Compiling verilog file "xor_gate.v"
Module <xor_gate> compiled
Compiling verilog file "full_adder_1bit.v"
Module <full_adder_1bit> compiled
Compiling verilog file "adder_4bit.v"
Module <adder_4bit> compiled
Compiling verilog file "alu_4bit.v"
Module <alu_4bit> compiled
Compiling verilog file "registered_alu.v"
Module <registered_alu> compiled
Compiling verilog file "ram_16x4.v"
Module <ram_16x4_sync> compiled
Compiling verilog file "processor_4bit.v"
Module <processor_4bit> compiled
No errors in compilation
Analysis of file <"processor_4bit.prj"> succeeded.
 

=========================================================================
*                            HDL Analysis                               *
=========================================================================
Analyzing top module <processor_4bit>.
Module <processor_4bit> is correct for synthesis.
 
    Set property "resynthesize = true" for unit <processor_4bit>.
Analyzing module <instruction_decoder>.
	INIT = <u>00
	FETCH = <u>01
	EXECUTE = <u>10
	STORE = <u>11
Module <instruction_decoder> is correct for synthesis.
 
Analyzing module <registered_alu>.
Module <registered_alu> is correct for synthesis.
 
Analyzing module <alu_4bit>.
Module <alu_4bit> is correct for synthesis.
 
Analyzing module <xor_gate>.
Module <xor_gate> is correct for synthesis.
 
Analyzing module <adder_4bit>.
Module <adder_4bit> is correct for synthesis.
 
Analyzing module <full_adder_1bit>.
Module <full_adder_1bit> is correct for synthesis.
 
Analyzing module <ram_16x4_sync>.
WARNING:Xst:854 - "ram_16x4.v" line 41: Ignored initial statement.
Module <ram_16x4_sync> is correct for synthesis.
 

=========================================================================
*                           HDL Synthesis                               *
=========================================================================

Synthesizing Unit <full_adder_1bit>.
    Related source file is "full_adder_1bit.v".
Unit <full_adder_1bit> synthesized.


Synthesizing Unit <adder_4bit>.
    Related source file is "adder_4bit.v".
Unit <adder_4bit> synthesized.


Synthesizing Unit <xor_gate>.
    Related source file is "xor_gate.v".
Unit <xor_gate> synthesized.


Synthesizing Unit <alu_4bit>.
    Related source file is "alu_4bit.v".
Unit <alu_4bit> synthesized.


Synthesizing Unit <ram_16x4_sync>.
    Related source file is "ram_16x4.v".
WARNING:Xst:1872 - Variable <i> is used but never assigned.
    Found 4-bit register for signal <dataout>.
    Found 4-bit 16-to-1 multiplexer for signal <$COND_1>.
    Found 64-bit register for signal <memory>.
Unit <ram_16x4_sync> synthesized.


Synthesizing Unit <registered_alu>.
    Related source file is "registered_alu.v".
    Found 1-bit register for signal <cout>.
    Found 4-bit register for signal <f>.
    Summary:
	inferred   1 D-type flip-flop(s).
Unit <registered_alu> synthesized.


Synthesizing Unit <instruction_decoder>.
    Related source file is "instruction_decoder.v".
    Found 4-bit register for signal <addr>.
    Found 2-bit register for signal <state>.
    Found 1-bit register for signal <csn>.
    Found 1-bit register for signal <rwn>.
    Found 4-bit register for signal <operand>.
    Found 3-bit register for signal <alu_sel>.
    Found 1-bit register for signal <alu_enable>.
    Summary:
	inferred   3 D-type flip-flop(s).
Unit <instruction_decoder> synthesized.


Synthesizing Unit <processor_4bit>.
    Related source file is "processor_4bit.v".
WARNING:Xst:646 - Signal <alu_cout> is assigned but never used.
WARNING:Xst:646 - Signal <alu_enable> is assigned but never used.
Unit <processor_4bit> synthesized.


=========================================================================
*                       Advanced HDL Synthesis                          *
=========================================================================

Advanced RAM inference ...
Advanced multiplier inference ...
Advanced Registered AddSub inference ...
Dynamic shift register inference ...

=========================================================================
HDL Synthesis Report

Macro Statistics
# Registers                        : 26
 1-bit register                    : 4
 2-bit register                    : 1
 3-bit register                    : 1
 4-bit register                    : 20
# Multiplexers                     : 1
 4-bit 16-to-1 multiplexer         : 1

=========================================================================

=========================================================================
*                         Low Level Synthesis                           *
=========================================================================
WARNING:Xst:1291 - FF/Latch <cout> is unconnected in block <alu>.
WARNING:Xst:1291 - FF/Latch <alu_enable> is unconnected in block <decoder>.
WARNING:Xst:1355 - Unit xor_gate is merged (low complexity)
WARNING:Xst:1355 - Unit full_adder_1bit is merged (low complexity)

Optimizing unit <processor_4bit> ...

Optimizing unit <registered_alu> ...

Optimizing unit <alu_4bit> ...

Optimizing unit <adder_4bit> ...

Optimizing unit <ram_16x4_sync> ...

Optimizing unit <instruction_decoder> ...
WARNING:Xst:1291 - FF/Latch <cout> is unconnected in block <alu>.
WARNING:Xst:1291 - FF/Latch <alu_enable> is unconnected in block <decoder>.

=========================================================================
*                            Final Report                               *
=========================================================================
Final Results
RTL Top Level Output File Name     : processor_4bit.ngr
Top Level Output File Name         : processor_4bit
Output Format                      : NGC
Optimization Goal                  : Speed
Keep Hierarchy                     : YES
Target Technology                  : acr2
Macro Preserve                     : YES
XOR Preserve                       : YES
Clock Enable                       : YES
wysiwyg                            : NO

Design Statistics
# IOs                              : 23

Macro Statistics :
# Registers                        : 92
#      1-bit register              : 92

Cell Usage :
# BELS                             : 563
#      AND2                        : 239
#      AND3                        : 20
#      AND4                        : 6
#      GND                         : 1
#      INV                         : 193
#      OR2                         : 93
#      XOR2                        : 11
# FlipFlops/Latches                : 87
#      FDC                         : 10
#      FDCE                        : 75
#      FDP                         : 2
# IO Buffers                       : 23
#      IBUF                        : 13
#      OBUF                        : 10
=========================================================================
CPU : 0.72 / 0.99 s | Elapsed : 1.00 / 1.00 s
 
--> 

Total memory usage is 159800 kilobytes

Number of errors   :    0 (   0 filtered)
Number of warnings :   10 (   0 filtered)
Number of infos    :    0 (   0 filtered)

