Release 7.1i - xst H.38
Copyright (c) 1995-2005 Xilinx, Inc.  All rights reserved.
--> Parameter TMPDIR set to __projnav
CPU : 0.00 / 0.28 s | Elapsed : 0.00 / 0.00 s
 
--> Parameter xsthdpdir set to ./xst
CPU : 0.00 / 0.28 s | Elapsed : 0.00 / 0.00 s
 
--> Reading design: ram_16x4.prj

TABLE OF CONTENTS
  1) Synthesis Options Summary
  2) HDL Compilation
  3) HDL Analysis
  4) HDL Synthesis
  5) Advanced HDL Synthesis
     5.1) HDL Synthesis Report
  6) Low Level Synthesis
  7) Final Report

=========================================================================
*                      Synthesis Options Summary                        *
=========================================================================
---- Source Parameters
Input File Name                    : "ram_16x4.prj"
Input Format                       : mixed
Ignore Synthesis Constraint File   : NO

---- Target Parameters
Output File Name                   : "ram_16x4"
Output Format                      : NGC
Target Device                      : acr2

---- Source Options
Top Module Name                    : ram_16x4
Automatic FSM Extraction           : YES
FSM Encoding Algorithm             : Auto
Mux Extraction                     : YES
Resource Sharing                   : YES

---- Target Options
Add IO Buffers                     : YES
Equivalent register Removal        : YES
MACRO Preserve                     : YES
XOR Preserve                       : YES

---- General Options
Optimization Goal                  : Speed
Optimization Effort                : 1
Keep Hierarchy                     : YES
RTL Output                         : Yes
Hierarchy Separator                : /
Bus Delimiter                      : <>
Case Specifier                     : maintain

---- Other Options
lso                                : ram_16x4.lso
verilog2001                        : YES
safe_implementation                : No
Clock Enable                       : YES
wysiwyg                            : NO

=========================================================================


=========================================================================
*                          HDL Compilation                              *
=========================================================================
Compiling verilog file "ram_16x4.v"
Module <ram_16x4> compiled
No errors in compilation
Analysis of file <"ram_16x4.prj"> succeeded.
 

=========================================================================
*                            HDL Analysis                               *
=========================================================================
Analyzing top module <ram_16x4>.
WARNING:Xst:854 - "ram_16x4.v" line 32: Ignored initial statement.
Module <ram_16x4> is correct for synthesis.
 

=========================================================================
*                           HDL Synthesis                               *
=========================================================================

Synthesizing Unit <ram_16x4>.
    Related source file is "ram_16x4.v".
WARNING:Xst:1872 - Variable <i> is used but never assigned.
WARNING:Xst:737 - Found 4-bit latch for signal <memory_0>.
WARNING:Xst:737 - Found 4-bit latch for signal <memory_1>.
WARNING:Xst:737 - Found 4-bit latch for signal <memory_2>.
WARNING:Xst:737 - Found 4-bit latch for signal <memory_3>.
WARNING:Xst:737 - Found 4-bit latch for signal <memory_4>.
WARNING:Xst:737 - Found 4-bit latch for signal <memory_5>.
WARNING:Xst:737 - Found 4-bit latch for signal <memory_6>.
WARNING:Xst:737 - Found 4-bit latch for signal <memory_7>.
WARNING:Xst:737 - Found 4-bit latch for signal <memory_8>.
WARNING:Xst:737 - Found 4-bit latch for signal <memory_9>.
WARNING:Xst:737 - Found 4-bit latch for signal <memory_10>.
WARNING:Xst:737 - Found 4-bit latch for signal <memory_11>.
WARNING:Xst:737 - Found 4-bit latch for signal <memory_12>.
WARNING:Xst:737 - Found 4-bit latch for signal <memory_13>.
WARNING:Xst:737 - Found 4-bit latch for signal <memory_14>.
WARNING:Xst:737 - Found 4-bit latch for signal <memory_15>.
    Found 4-bit tristate buffer for signal <dataout>.
    Found 4-bit 16-to-1 multiplexer for signal <$COND_1>.
    Summary:
	inferred   4 Tristate(s).
Unit <ram_16x4> synthesized.


=========================================================================
*                       Advanced HDL Synthesis                          *
=========================================================================

Advanced RAM inference ...
Advanced multiplier inference ...
Advanced Registered AddSub inference ...
Dynamic shift register inference ...

=========================================================================
HDL Synthesis Report

Macro Statistics
# Latches                          : 16
 4-bit latch                       : 16
# Multiplexers                     : 1
 4-bit 16-to-1 multiplexer         : 1
# Tristates                        : 1
 4-bit tristate buffer             : 1

=========================================================================

=========================================================================
*                         Low Level Synthesis                           *
=========================================================================

Optimizing unit <ram_16x4> ...

=========================================================================
*                            Final Report                               *
=========================================================================
Final Results
RTL Top Level Output File Name     : ram_16x4.ngr
Top Level Output File Name         : ram_16x4
Output Format                      : NGC
Optimization Goal                  : Speed
Keep Hierarchy                     : YES
Target Technology                  : acr2
Macro Preserve                     : YES
XOR Preserve                       : YES
Clock Enable                       : YES
wysiwyg                            : NO

Design Statistics
# IOs                              : 14

Macro Statistics :
# Tristates                        : 1
#      4-bit tristate buffer       : 1

Cell Usage :
# BELS                             : 165
#      AND2                        : 112
#      AND4                        : 6
#      INV                         : 35
#      OR2                         : 4
#      OR8                         : 8
# FlipFlops/Latches                : 64
#      LD                          : 64
# IO Buffers                       : 14
#      IBUF                        : 10
#      OBUFE                       : 4
=========================================================================
CPU : 0.62 / 0.90 s | Elapsed : 1.00 / 1.00 s
 
--> 

Total memory usage is 158840 kilobytes

Number of errors   :    0 (   0 filtered)
Number of warnings :   18 (   0 filtered)
Number of infos    :    0 (   0 filtered)

